======================================================================
Program Y — MERA Logical Preservation Scaling
======================================================================

======================================================================
MERA depth=1
======================================================================
  Alice gates=3  Bob gates=3

  == J_std=0.60 ==
  [CPU] Diagonalizing Hamiltonian via scipy (one-shot, then TPU handles trajectories)...
    T2=8.0
      |00>: free=0.2633 dd=0.2596 rand=0.2638 geo=0.2639 ΔF=+0.0001 ILC_adv=+0.562 gates=0.5
      |01>: free=0.2430 dd=0.2454 rand=0.2434 geo=0.2433 ΔF=-0.0001 ILC_adv=+0.656 gates=0.5
      |10>: free=0.2443 dd=0.2349 rand=0.2415 geo=0.2409 ΔF=-0.0006 ILC_adv=+0.394 gates=1.2
      |11>: free=0.2719 dd=0.2686 rand=0.2721 geo=0.2719 ΔF=-0.0002 ILC_adv=+0.569 gates=0.6
    → avg: ΔF=-0.0002  ILC_adv=+0.545  geo_wins=1/4  hierarchy=✗
    T2=12.0
      |00>: free=0.2640 dd=0.2602 rand=0.2632 geo=0.2641 ΔF=+0.0009 ILC_adv=+0.586 gates=0.4
      |01>: free=0.2387 dd=0.2440 rand=0.2394 geo=0.2400 ΔF=+0.0006 ILC_adv=+0.571 gates=0.4
      |10>: free=0.2506 dd=0.2384 rand=0.2477 geo=0.2459 ΔF=-0.0018 ILC_adv=+0.433 gates=1.2
      |11>: free=0.2733 dd=0.2689 rand=0.2733 geo=0.2734 ΔF=+0.0001 ILC_adv=+0.521 gates=0.4
    → avg: ΔF=-0.0001  ILC_adv=+0.528  geo_wins=3/4  hierarchy=✗

  == J_std=0.90 ==
  [CPU] Diagonalizing Hamiltonian via scipy (one-shot, then TPU handles trajectories)...
    T2=8.0
      |00>: free=0.2633 dd=0.2599 rand=0.2632 geo=0.2641 ΔF=+0.0008 ILC_adv=+0.511 gates=1.2
      |01>: free=0.2427 dd=0.2457 rand=0.2430 geo=0.2428 ΔF=-0.0002 ILC_adv=+0.539 gates=0.6
      |10>: free=0.2403 dd=0.2336 rand=0.2383 geo=0.2375 ΔF=-0.0008 ILC_adv=+0.326 gates=1.4
      |11>: free=0.2731 dd=0.2700 rand=0.2728 geo=0.2725 ΔF=-0.0003 ILC_adv=+0.415 gates=0.6
    → avg: ΔF=-0.0001  ILC_adv=+0.448  geo_wins=1/4  hierarchy=✗
    T2=12.0
      |00>: free=0.2637 dd=0.2602 rand=0.2639 geo=0.2646 ΔF=+0.0007 ILC_adv=+0.497 gates=1.2
      |01>: free=0.2377 dd=0.2437 rand=0.2386 geo=0.2382 ΔF=-0.0003 ILC_adv=+0.529 gates=0.5
      |10>: free=0.2481 dd=0.2389 rand=0.2445 geo=0.2436 ΔF=-0.0009 ILC_adv=+0.349 gates=1.3
      |11>: free=0.2749 dd=0.2694 rand=0.2743 geo=0.2741 ΔF=-0.0001 ILC_adv=+0.423 gates=0.5
    → avg: ΔF=-0.0002  ILC_adv=+0.450  geo_wins=1/4  hierarchy=✗

  == J_std=1.20 ==
  [CPU] Diagonalizing Hamiltonian via scipy (one-shot, then TPU handles trajectories)...
    T2=8.0
      |00>: free=0.2633 dd=0.2600 rand=0.2623 geo=0.2628 ΔF=+0.0005 ILC_adv=+0.457 gates=1.3
      |01>: free=0.2424 dd=0.2451 rand=0.2438 geo=0.2436 ΔF=-0.0002 ILC_adv=+0.642 gates=1.2
      |10>: free=0.2413 dd=0.2359 rand=0.2389 geo=0.2356 ΔF=-0.0033 ILC_adv=+0.280 gates=1.5
      |11>: free=0.2729 dd=0.2691 rand=0.2722 geo=0.2719 ΔF=-0.0002 ILC_adv=+0.413 gates=1.3
    → avg: ΔF=-0.0008  ILC_adv=+0.448  geo_wins=1/4  hierarchy=✗
    T2=12.0
      |00>: free=0.2672 dd=0.2640 rand=0.2662 geo=0.2661 ΔF=-0.0001 ILC_adv=+0.444 gates=1.3
      |01>: free=0.2389 dd=0.2429 rand=0.2419 geo=0.2423 ΔF=+0.0003 ILC_adv=+0.609 gates=1.2
      |10>: free=0.2419 dd=0.2357 rand=0.2389 geo=0.2353 ΔF=-0.0036 ILC_adv=+0.278 gates=1.4
      |11>: free=0.2747 dd=0.2696 rand=0.2735 geo=0.2722 ΔF=-0.0012 ILC_adv=+0.452 gates=1.2
    → avg: ΔF=-0.0012  ILC_adv=+0.446  geo_wins=1/4  hierarchy=✗

======================================================================
MERA depth=2
======================================================================
  Alice gates=5  Bob gates=5

  == J_std=0.60 ==
  [CPU] Diagonalizing Hamiltonian via scipy (one-shot, then TPU handles trajectories)...
    T2=8.0
      |00>: free=0.2933 dd=0.2751 rand=0.2920 geo=0.2911 ΔF=-0.0009 ILC_adv=+0.684 gates=1.1
      |01>: free=0.2134 dd=0.2182 rand=0.2132 geo=0.2134 ΔF=+0.0003 ILC_adv=+0.776 gates=0.4
      |10>: free=0.2489 dd=0.2478 rand=0.2490 geo=0.2490 ΔF=+0.0000 ILC_adv=+0.188 gates=1.2
      |11>: free=0.2575 dd=0.2531 rand=0.2564 geo=0.2551 ΔF=-0.0012 ILC_adv=+0.210 gates=1.1
    → avg: ΔF=-0.0005  ILC_adv=+0.465  geo_wins=2/4  hierarchy=✗
    T2=12.0
      |00>: free=0.2974 dd=0.2763 rand=0.2966 geo=0.2951 ΔF=-0.0014 ILC_adv=+0.708 gates=1.2
      |01>: free=0.2152 dd=0.2181 rand=0.2150 geo=0.2150 ΔF=+0.0000 ILC_adv=+0.714 gates=0.3
      |10>: free=0.2481 dd=0.2476 rand=0.2479 geo=0.2487 ΔF=+0.0008 ILC_adv=+0.222 gates=1.2
      |11>: free=0.2578 dd=0.2520 rand=0.2559 geo=0.2525 ΔF=-0.0033 ILC_adv=+0.211 gates=1.2
    → avg: ΔF=-0.0010  ILC_adv=+0.464  geo_wins=2/4  hierarchy=✗

  == J_std=0.90 ==
  [CPU] Diagonalizing Hamiltonian via scipy (one-shot, then TPU handles trajectories)...
    T2=8.0
      |00>: free=0.2939 dd=0.2813 rand=0.2927 geo=0.2915 ΔF=-0.0012 ILC_adv=+0.620 gates=1.2
      |01>: free=0.2138 dd=0.2151 rand=0.2138 geo=0.2136 ΔF=-0.0002 ILC_adv=+0.547 gates=0.4
      |10>: free=0.2479 dd=0.2483 rand=0.2485 geo=0.2488 ΔF=+0.0003 ILC_adv=+0.116 gates=1.7
      |11>: free=0.2576 dd=0.2538 rand=0.2562 geo=0.2551 ΔF=-0.0011 ILC_adv=+0.238 gates=1.2
    → avg: ΔF=-0.0005  ILC_adv=+0.380  geo_wins=1/4  hierarchy=✗
    T2=12.0
      |00>: free=0.3000 dd=0.2844 rand=0.2985 geo=0.2960 ΔF=-0.0025 ILC_adv=+0.593 gates=1.2
      |01>: free=0.2133 dd=0.2149 rand=0.2131 geo=0.2132 ΔF=+0.0001 ILC_adv=+0.626 gates=0.4
      |10>: free=0.2472 dd=0.2463 rand=0.2481 geo=0.2479 ΔF=-0.0002 ILC_adv=+0.117 gates=1.8
      |11>: free=0.2559 dd=0.2524 rand=0.2552 geo=0.2540 ΔF=-0.0011 ILC_adv=+0.244 gates=1.2
    → avg: ΔF=-0.0009  ILC_adv=+0.395  geo_wins=1/4  hierarchy=✗

  == J_std=1.20 ==
  [CPU] Diagonalizing Hamiltonian via scipy (one-shot, then TPU handles trajectories)...
    T2=8.0
      |00>: free=0.2947 dd=0.2833 rand=0.2933 geo=0.2929 ΔF=-0.0004 ILC_adv=+0.427 gates=1.6
      |01>: free=0.2141 dd=0.2151 rand=0.2144 geo=0.2147 ΔF=+0.0004 ILC_adv=+0.501 gates=0.5
      |10>: free=0.2469 dd=0.2474 rand=0.2473 geo=0.2474 ΔF=+0.0001 ILC_adv=+0.103 gates=1.6
      |11>: free=0.2572 dd=0.2535 rand=0.2561 geo=0.2550 ΔF=-0.0011 ILC_adv=+0.304 gates=1.3
    → avg: ΔF=-0.0002  ILC_adv=+0.334  geo_wins=2/4  hierarchy=✗
    T2=12.0
      |00>: free=0.3002 dd=0.2874 rand=0.2981 geo=0.2975 ΔF=-0.0006 ILC_adv=+0.402 gates=1.7
      |01>: free=0.2141 dd=0.2140 rand=0.2138 geo=0.2145 ΔF=+0.0007 ILC_adv=+0.449 gates=0.4
      |10>: free=0.2456 dd=0.2464 rand=0.2473 geo=0.2468 ΔF=-0.0005 ILC_adv=+0.073 gates=1.7
      |11>: free=0.2564 dd=0.2513 rand=0.2543 geo=0.2529 ΔF=-0.0013 ILC_adv=+0.247 gates=1.2
    → avg: ΔF=-0.0004  ILC_adv=+0.293  geo_wins=1/4  hierarchy=✗

======================================================================
MERA depth=3
======================================================================
  Alice gates=7  Bob gates=7

  == J_std=0.60 ==
  [CPU] Diagonalizing Hamiltonian via scipy (one-shot, then TPU handles trajectories)...
    T2=8.0
      |00>: free=0.2468 dd=0.2457 rand=0.2465 geo=0.2467 ΔF=+0.0001 ILC_adv=+0.816 gates=0.4
      |01>: free=0.2369 dd=0.2409 rand=0.2373 geo=0.2371 ΔF=-0.0001 ILC_adv=+0.724 gates=0.4
      |10>: free=0.2410 dd=0.2439 rand=0.2410 geo=0.2407 ΔF=-0.0003 ILC_adv=+0.776 gates=0.5
      |11>: free=0.2737 dd=0.2694 rand=0.2740 geo=0.2742 ΔF=+0.0001 ILC_adv=+0.544 gates=1.2
    → avg: ΔF=-0.0000  ILC_adv=+0.715  geo_wins=2/4  hierarchy=✗
    T2=12.0
      |00>: free=0.2497 dd=0.2476 rand=0.2501 geo=0.2498 ΔF=-0.0003 ILC_adv=+0.812 gates=0.3
      |01>: free=0.2389 dd=0.2424 rand=0.2384 geo=0.2386 ΔF=+0.0002 ILC_adv=+0.777 gates=0.3
      |10>: free=0.2414 dd=0.2446 rand=0.2415 geo=0.2414 ΔF=-0.0001 ILC_adv=+0.655 gates=0.4
      |11>: free=0.2672 dd=0.2637 rand=0.2674 geo=0.2698 ΔF=+0.0024 ILC_adv=+0.490 gates=1.1
    → avg: ΔF=+0.0006  ILC_adv=+0.684  geo_wins=2/4  hierarchy=✗

  == J_std=0.90 ==
  [CPU] Diagonalizing Hamiltonian via scipy (one-shot, then TPU handles trajectories)...
    T2=8.0
      |00>: free=0.2484 dd=0.2472 rand=0.2485 geo=0.2485 ΔF=-0.0000 ILC_adv=+0.638 gates=0.4
      |01>: free=0.2378 dd=0.2396 rand=0.2376 geo=0.2375 ΔF=-0.0000 ILC_adv=+0.641 gates=1.1
      |10>: free=0.2423 dd=0.2446 rand=0.2425 geo=0.2425 ΔF=+0.0000 ILC_adv=+0.692 gates=0.5
      |11>: free=0.2693 dd=0.2688 rand=0.2705 geo=0.2725 ΔF=+0.0020 ILC_adv=+0.352 gates=1.2
    → avg: ΔF=+0.0005  ILC_adv=+0.581  geo_wins=2/4  hierarchy=✗
    T2=12.0
      |00>: free=0.2512 dd=0.2487 rand=0.2511 geo=0.2513 ΔF=+0.0002 ILC_adv=+0.747 gates=0.3
      |01>: free=0.2387 dd=0.2404 rand=0.2382 geo=0.2386 ΔF=+0.0004 ILC_adv=+0.644 gates=1.1
      |10>: free=0.2417 dd=0.2439 rand=0.2418 geo=0.2419 ΔF=+0.0000 ILC_adv=+0.676 gates=0.5
      |11>: free=0.2677 dd=0.2664 rand=0.2689 geo=0.2719 ΔF=+0.0030 ILC_adv=+0.332 gates=1.2
    → avg: ΔF=+0.0009  ILC_adv=+0.600  geo_wins=4/4  hierarchy=✓

  == J_std=1.20 ==
  [CPU] Diagonalizing Hamiltonian via scipy (one-shot, then TPU handles trajectories)...
    T2=8.0
      |00>: free=0.2483 dd=0.2483 rand=0.2489 geo=0.2486 ΔF=-0.0003 ILC_adv=+0.739 gates=0.5
      |01>: free=0.2375 dd=0.2395 rand=0.2372 geo=0.2369 ΔF=-0.0004 ILC_adv=+0.550 gates=1.1
      |10>: free=0.2415 dd=0.2437 rand=0.2426 geo=0.2421 ΔF=-0.0005 ILC_adv=+0.647 gates=0.6
      |11>: free=0.2706 dd=0.2685 rand=0.2714 geo=0.2721 ΔF=+0.0007 ILC_adv=+0.468 gates=1.2
    → avg: ΔF=-0.0001  ILC_adv=+0.601  geo_wins=1/4  hierarchy=✗
    T2=12.0
      |00>: free=0.2512 dd=0.2491 rand=0.2510 geo=0.2517 ΔF=+0.0007 ILC_adv=+0.641 gates=0.4
      |01>: free=0.2377 dd=0.2399 rand=0.2361 geo=0.2367 ΔF=+0.0006 ILC_adv=+0.484 gates=1.1
      |10>: free=0.2412 dd=0.2435 rand=0.2410 geo=0.2412 ΔF=+0.0002 ILC_adv=+0.630 gates=0.5
      |11>: free=0.2699 dd=0.2690 rand=0.2704 geo=0.2729 ΔF=+0.0025 ILC_adv=+0.502 gates=1.1
    → avg: ΔF=+0.0010  ILC_adv=+0.564  geo_wins=4/4  hierarchy=✗

Saved -> program_y_results/program_y_summary.json  (923.6s)

======================================================================
Scaling Table: avg_delta_F by (depth, J_std)
 depth   J_std    T2   avg_ΔF  ILC_adv  wins  hier
----------------------------------------------------------------------
     1    0.60   8.0  -0.0002   +0.545     1/4     ✗
     1    0.60  12.0  -0.0001   +0.528     3/4     ✗
     1    0.90   8.0  -0.0001   +0.448     1/4     ✗
     1    0.90  12.0  -0.0002   +0.450     1/4     ✗
     1    1.20   8.0  -0.0008   +0.448     1/4     ✗
     1    1.20  12.0  -0.0012   +0.446     1/4     ✗
     2    0.60   8.0  -0.0005   +0.465     2/4     ✗
     2    0.60  12.0  -0.0010   +0.464     2/4     ✗
     2    0.90   8.0  -0.0005   +0.380     1/4     ✗
     2    0.90  12.0  -0.0009   +0.395     1/4     ✗
     2    1.20   8.0  -0.0002   +0.334     2/4     ✗
     2    1.20  12.0  -0.0004   +0.293     1/4     ✗
     3    0.60   8.0  -0.0000   +0.715     2/4     ✗
     3    0.60  12.0  +0.0006   +0.684     2/4     ✗
     3    0.90   8.0  +0.0005   +0.581     2/4     ✗
     3    0.90  12.0  +0.0009   +0.600     4/4     ✓
     3    1.20   8.0  -0.0001   +0.601     1/4     ✗
     3    1.20  12.0  +0.0010   +0.564     4/4     ✗
======================================================================
