======================================================================
Program AA — Renormalized Observable Reconstruction
======================================================================

Fixed sweet spot: J_std=0.9, T2=12.0, n_traj=1000
  [CPU] Diagonalizing Hamiltonian via scipy (one-shot, then TPU handles trajectories)...

======================================================================
MERA depth=2  Γ_ℓ=0.091
======================================================================
  Alice=5 gates  Bob=5 gates
  |00>: rand=0.2977 local=-0.0020 ZZ_L1=-0.0042 ZZ_r=-0.0029 ent=-0.0044 PP_loc=+0.133 PP_ZZr=+0.227
  |11>: rand=0.2556 local=-0.0022 ZZ_L1=-0.0030 ZZ_r=-0.0034 ent=-0.0031 PP_loc=+0.049 PP_ZZr=+0.243
  |GHZ+>: rand=0.2976 local=+0.0001 ZZ_L1=-0.0015 ZZ_r=-0.0007 ent=-0.0017 PP_loc=+0.226 PP_ZZr=+0.483
  |GHZ->: rand=0.2494 local=-0.0000 ZZ_L1=+0.0003 ZZ_r=-0.0001 ent=+0.0002 PP_loc=-0.057 PP_ZZr=-0.184

  → Γ=0.091  ΔF: local=-0.0010 ZZ_L1=-0.0021 ZZ_r=-0.0018 ent=-0.0023
     PP: local=+0.088 ZZ_r=+0.192 ent=+0.319

======================================================================
MERA depth=3  Γ_ℓ=0.182
======================================================================
  Alice=7 gates  Bob=7 gates
  |00>: rand=0.2504 local=+0.0001 ZZ_L1=+0.0006 ZZ_r=+0.0005 ent=+0.0010 PP_loc=-0.132 PP_ZZr=-0.215
  |11>: rand=0.2716 local=+0.0018 ZZ_L1=+0.0016 ZZ_r=+0.0016 ent=+0.0016 PP_loc=+0.162 PP_ZZr=+0.474
  |GHZ+>: rand=0.2374 local=-0.0001 ZZ_L1=+0.0003 ZZ_r=-0.0001 ent=+0.0001 PP_loc=-0.193 PP_ZZr=-0.265
  |GHZ->: rand=0.2820 local=+0.0015 ZZ_L1=+0.0013 ZZ_r=+0.0015 ent=+0.0010 PP_loc=+0.234 PP_ZZr=+0.497

  → Γ=0.182  ΔF: local=+0.0008 ZZ_L1=+0.0010 ZZ_r=+0.0009 ent=+0.0009
     PP: local=+0.018 ZZ_r=+0.123 ent=+0.117

======================================================================
MERA depth=4  Γ_ℓ=0.273
======================================================================
  Alice=9 gates  Bob=9 gates
  |00>: rand=0.2596 local=-0.0005 ZZ_L1=-0.0003 ZZ_r=-0.0011 ent=-0.0011 PP_loc=+0.111 PP_ZZr=+0.246
  |11>: rand=0.2498 local=-0.0013 ZZ_L1=-0.0007 ZZ_r=-0.0008 ent=-0.0006 PP_loc=+0.225 PP_ZZr=+0.315
  |GHZ+>: rand=0.2541 local=-0.0003 ZZ_L1=+0.0000 ZZ_r=-0.0000 ent=-0.0001 PP_loc=+0.117 PP_ZZr=+0.241
  |GHZ->: rand=0.2550 local=-0.0001 ZZ_L1=-0.0025 ZZ_r=-0.0022 ent=-0.0028 PP_loc=+0.087 PP_ZZr=+0.364

  → Γ=0.273  ΔF: local=-0.0005 ZZ_L1=-0.0009 ZZ_r=-0.0010 ent=-0.0011
     PP: local=+0.135 ZZ_r=+0.292 ent=+0.472

Saved -> program_aa_results/program_aa_summary.json  (1259.7s)

======================================================================
Scale Transition Table: ΔF and Predictive Power by Depth
   d      Γ   ΔF_loc  ΔF_ZZL1   ΔF_ZZr   ΔF_ent  PP_loc  PP_ZZr  PP_ent
----------------------------------------------------------------------
   2  0.091  -0.0010  -0.0021  -0.0018  -0.0023  +0.088  +0.192  +0.319
   3  0.182  +0.0008  +0.0010  +0.0009  +0.0009  +0.018  +0.123  +0.117
   4  0.273  -0.0005  -0.0009  -0.0010  -0.0011  +0.135  +0.292  +0.472
======================================================================
