======================================================================
Calibrating Program X: Sweeping T_max and Trigger Threshold eps
======================================================================
  [CPU] Diagonalizing Hamiltonian via scipy (one-shot, then TPU handles trajectories)...

--- Sweeping T_max = 1.50 (dt = 0.0375) ---
  [Free] Avg F_logical = 0.2521
  [DD]   Avg F_logical = 0.2504
  [Geo eps=0.0010] Avg F = 0.2510 | Rand F = 0.2511 | Δ = -0.0001 | Gates = 1.65 | ILC = +0.058
  [Geo eps=0.0020] Avg F = 0.2510 | Rand F = 0.2511 | Δ = -0.0002 | Gates = 1.10 | ILC = +0.150
  [Geo eps=0.0050] Avg F = 0.2507 | Rand F = 0.2512 | Δ = -0.0006 | Gates = 0.69 | ILC = +0.358
  [Geo eps=0.0100] Avg F = 0.2518 | Rand F = 0.2520 | Δ = -0.0001 | Gates = 0.24 | ILC = +0.745

--- Sweeping T_max = 2.50 (dt = 0.0625) ---
  [Free] Avg F_logical = 0.2537
  [DD]   Avg F_logical = 0.2500
  [Geo eps=0.0010] Avg F = 0.2513 | Rand F = 0.2523 | Δ = -0.0010 | Gates = 2.98 | ILC = +0.032
  [Geo eps=0.0020] Avg F = 0.2517 | Rand F = 0.2524 | Δ = -0.0007 | Gates = 2.39 | ILC = +0.059
  [Geo eps=0.0050] Avg F = 0.2529 | Rand F = 0.2532 | Δ = -0.0003 | Gates = 0.97 | ILC = +0.281
  [Geo eps=0.0100] Avg F = 0.2527 | Rand F = 0.2532 | Δ = -0.0005 | Gates = 0.76 | ILC = +0.416

--- Sweeping T_max = 3.50 (dt = 0.0875) ---
  [Free] Avg F_logical = 0.2539
  [DD]   Avg F_logical = 0.2493
  [Geo eps=0.0010] Avg F = 0.2508 | Rand F = 0.2520 | Δ = -0.0012 | Gates = 3.04 | ILC = +0.005
  [Geo eps=0.0020] Avg F = 0.2511 | Rand F = 0.2518 | Δ = -0.0007 | Gates = 2.34 | ILC = +0.039
  [Geo eps=0.0050] Avg F = 0.2517 | Rand F = 0.2526 | Δ = -0.0009 | Gates = 1.53 | ILC = +0.240
  [Geo eps=0.0100] Avg F = 0.2523 | Rand F = 0.2533 | Δ = -0.0010 | Gates = 0.80 | ILC = +0.436

--- Sweeping T_max = 4.50 (dt = 0.1125) ---
  [Free] Avg F_logical = 0.2526
  [DD]   Avg F_logical = 0.2495
  [Geo eps=0.0010] Avg F = 0.2516 | Rand F = 0.2522 | Δ = -0.0006 | Gates = 2.96 | ILC = +0.060
  [Geo eps=0.0020] Avg F = 0.2513 | Rand F = 0.2519 | Δ = -0.0006 | Gates = 2.30 | ILC = +0.096
  [Geo eps=0.0050] Avg F = 0.2518 | Rand F = 0.2527 | Δ = -0.0009 | Gates = 1.68 | ILC = +0.210
  [Geo eps=0.0100] Avg F = 0.2530 | Rand F = 0.2527 | Δ = +0.0003 | Gates = 1.12 | ILC = +0.197

--- Sweeping T_max = 6.00 (dt = 0.1500) ---
  [Free] Avg F_logical = 0.2536
  [DD]   Avg F_logical = 0.2491
  [Geo eps=0.0010] Avg F = 0.2530 | Rand F = 0.2529 | Δ = +0.0001 | Gates = 2.78 | ILC = +0.190
  [Geo eps=0.0020] Avg F = 0.2525 | Rand F = 0.2533 | Δ = -0.0007 | Gates = 2.06 | ILC = +0.246
  [Geo eps=0.0050] Avg F = 0.2527 | Rand F = 0.2538 | Δ = -0.0011 | Gates = 1.39 | ILC = +0.401
  [Geo eps=0.0100] Avg F = 0.2534 | Rand F = 0.2533 | Δ = +0.0001 | Gates = 0.99 | ILC = +0.522
Traceback (most recent call last):
  File "/home/cityz/emergent_quantum_geometries/calibrate_program_x.py", line 198, in <module>
    run_calibration(args)
  File "/home/cityz/emergent_quantum_geometries/calibrate_program_x.py", line 182, in run_calibration
    with open(out_path, "w") as f:
FileNotFoundError: [Errno 2] No such file or directory: 'program_x_results/program_x_calibration.json'
